=== repeat 1 00:44:08
soc-sign-epinions.txt.gz   run=0 cores=F         r=-    block      compute= 199.392s idle=  0.0% idle_w=  0.0% busy=199.3 steal=1.75s cliques=22,226,173
soc-sign-epinions.txt.gz   run=0 cores=F,F,F,F   r=-    block      compute=  64.882s idle= 22.8% idle_w= 22.8% busy=64.8/45.4/40.7/49.5 steal=1.73s cliques=22,226,173
soc-sign-epinions.txt.gz   run=0 cores=F,F,F,F   r=-    interleave compute=  51.136s idle=  0.6% idle_w=  0.6% busy=50.8/50.8/50.8/50.9 steal=2.12s cliques=22,226,173
soc-sign-epinions.txt.gz   run=0 cores=F,F,S,S   r=0.43 block      compute=  95.129s idle= 22.8% idle_w= 24.5% busy=57.9/81.2/59.5/95.0 steal=3.31s cliques=22,226,173
soc-sign-epinions.txt.gz   run=0 cores=F,F,S,S   r=0.43 interleave compute=  72.173s idle=  0.8% idle_w=  0.8% busy=71.6/71.5/71.6/71.6 steal=3.28s cliques=22,226,173
soc-sign-epinions.txt.gz   run=0 cores=F,F,S,S   r=0.26 block      compute= 143.150s idle= 32.6% idle_w= 42.4% busy=60.7/84.3/98.2/143.1 steal=2.71s cliques=22,226,173
soc-sign-epinions.txt.gz   run=0 cores=F,F,S,S   r=0.26 interleave compute=  81.804s idle=  0.5% idle_w=  0.6% busy=81.3/81.3/81.4/81.3 steal=2.73s cliques=22,226,173
soc-sign-epinions.txt.gz   run=0 cores=F,F,S,S   r=0.75 block      compute=  78.675s idle= 23.3% idle_w= 25.5% busy=48.5/47.8/78.6/66.7 steal=4.01s cliques=22,226,173
soc-sign-epinions.txt.gz   run=0 cores=F,F,S,S   r=0.75 interleave compute=  58.858s idle=  0.9% idle_w=  0.9% busy=58.4/58.3/58.2/58.3 steal=3.91s cliques=22,226,173
soc-sign-epinions.txt.gz   run=0 cores=F,S,S,S   r=0.43 block      compute=  99.024s idle=  8.2% idle_w=  8.4% busy=90.1/85.1/89.6/98.9 steal=4.36s cliques=22,226,173
soc-sign-epinions.txt.gz   run=0 cores=F,S,S,S   r=0.43 interleave compute=  92.802s idle=  0.7% idle_w=  0.7% busy=92.2/92.2/92.2/92.1 steal=5.25s cliques=22,226,173
soc-sign-epinions.txt.gz   run=0 cores=F,S,S,S   r=0.26 block      compute= 160.381s idle= 21.9% idle_w= 26.3% busy=108.1/160.2/103.9/128.9 steal=4.83s cliques=22,226,173
soc-sign-epinions.txt.gz   run=0 cores=F,S,S,S   r=0.26 interleave compute= 119.688s idle=  0.4% idle_w=  0.4% busy=119.2/119.3/119.2/119.4 steal=4.12s cliques=22,226,173
soc-sign-epinions.txt.gz   run=0 cores=F,S,S,S   r=0.75 block      compute=  88.257s idle= 27.2% idle_w= 28.3% busy=52.0/54.9/61.8/88.2 steal=4.55s cliques=22,226,173
soc-sign-epinions.txt.gz   run=0 cores=F,S,S,S   r=0.75 interleave compute=  65.008s idle=  1.1% idle_w=  1.1% busy=64.4/64.2/64.3/64.4 steal=5.31s cliques=22,226,173
soc-sign-epinions.txt.gz   run=0 cores=S,S,S,S   r=0.43 block      compute= 160.989s idle= 21.9% idle_w= 21.9% busy=123.5/114.1/160.9/104.2 steal=6.43s cliques=22,226,173
soc-sign-epinions.txt.gz   run=0 cores=S,S,S,S   r=0.43 interleave compute= 127.751s idle=  0.4% idle_w=  0.4% busy=127.1/127.2/127.3/127.2 steal=7.00s cliques=22,226,173
=== repeat 2 01:14:39
soc-sign-epinions.txt.gz   run=0 cores=F         r=-    block      compute= 198.938s idle=  0.0% idle_w=  0.0% busy=198.9 steal=2.52s cliques=22,226,173
soc-sign-epinions.txt.gz   run=0 cores=F,F,F,F   r=-    block      compute=  68.102s idle= 22.0% idle_w= 22.0% busy=68.0/52.2/43.5/48.6 steal=3.09s cliques=22,226,173
soc-sign-epinions.txt.gz   run=0 cores=F,F,F,F   r=-    interleave compute=  51.515s idle=  0.6% idle_w=  0.6% busy=51.2/51.2/51.2/51.3 steal=3.20s cliques=22,226,173
soc-sign-epinions.txt.gz   run=0 cores=F,F,S,S   r=0.43 block      compute=  94.875s idle= 20.0% idle_w= 24.0% busy=74.8/58.0/76.1/94.8 steal=3.92s cliques=22,226,173
soc-sign-epinions.txt.gz   run=0 cores=F,F,S,S   r=0.43 interleave compute=  73.595s idle=  0.8% idle_w=  0.8% busy=73.0/72.9/73.1/72.9 steal=3.84s cliques=22,226,173
soc-sign-epinions.txt.gz   run=0 cores=F,F,S,S   r=0.26 block      compute= 143.705s idle= 33.2% idle_w= 42.6% busy=86.2/59.7/143.6/94.2 steal=3.16s cliques=22,226,173
soc-sign-epinions.txt.gz   run=0 cores=F,F,S,S   r=0.26 interleave compute=  81.530s idle=  0.4% idle_w=  0.4% busy=81.1/81.2/81.3/81.1 steal=2.52s cliques=22,226,173
soc-sign-epinions.txt.gz   run=0 cores=F,F,S,S   r=0.75 block      compute=  66.034s idle= 13.2% idle_w= 13.0% busy=50.5/66.0/61.1/51.6 steal=2.71s cliques=22,226,173
soc-sign-epinions.txt.gz   run=0 cores=F,F,S,S   r=0.75 interleave compute=  59.057s idle=  1.0% idle_w=  1.0% busy=58.5/58.5/58.5/58.5 steal=3.45s cliques=22,226,173
soc-sign-epinions.txt.gz   run=0 cores=F,S,S,S   r=0.43 block      compute= 110.138s idle= 15.4% idle_w= 16.7% busy=87.3/110.0/109.2/66.3 steal=4.62s cliques=22,226,173
soc-sign-epinions.txt.gz   run=0 cores=F,S,S,S   r=0.43 interleave compute=  91.588s idle=  0.6% idle_w=  0.6% busy=90.9/91.1/91.1/91.0 steal=4.50s cliques=22,226,173
soc-sign-epinions.txt.gz   run=0 cores=F,S,S,S   r=0.26 block      compute= 158.196s idle= 20.2% idle_w= 26.2% busy=103.6/124.3/119.0/158.1 steal=3.93s cliques=22,226,173
soc-sign-epinions.txt.gz   run=0 cores=F,S,S,S   r=0.26 interleave compute= 119.262s idle=  0.3% idle_w=  0.3% busy=118.9/118.8/118.9/118.8 steal=4.70s cliques=22,226,173
soc-sign-epinions.txt.gz   run=0 cores=F,S,S,S   r=0.75 block      compute=  66.924s idle=  6.8% idle_w=  6.3% busy=66.8/66.9/62.2/53.7 steal=3.51s cliques=22,226,173
soc-sign-epinions.txt.gz   run=0 cores=F,S,S,S   r=0.75 interleave compute=  64.370s idle=  1.1% idle_w=  1.1% busy=63.6/63.5/63.8/63.8 steal=4.53s cliques=22,226,173
soc-sign-epinions.txt.gz   run=0 cores=S,S,S,S   r=0.43 block      compute= 166.717s idle= 21.8% idle_w= 21.8% busy=107.3/127.2/120.4/166.6 steal=8.02s cliques=22,226,173
soc-sign-epinions.txt.gz   run=0 cores=S,S,S,S   r=0.43 interleave compute= 134.250s idle=  0.6% idle_w=  0.6% busy=133.5/133.5/133.4/133.3 steal=6.41s cliques=22,226,173
=== repeat 3 01:44:53
soc-sign-epinions.txt.gz   run=0 cores=F         r=-    block      compute= 198.808s idle=  0.1% idle_w=  0.1% busy=198.7 steal=1.81s cliques=22,226,173
soc-sign-epinions.txt.gz   run=0 cores=F,F,F,F   r=-    block      compute=  70.561s idle= 20.8% idle_w= 20.8% busy=70.5/46.5/55.3/51.1 steal=1.23s cliques=22,226,173
soc-sign-epinions.txt.gz   run=0 cores=F,F,F,F   r=-    interleave compute=  58.668s idle=  1.1% idle_w=  1.1% busy=58.1/58.0/57.9/58.0 steal=2.19s cliques=22,226,173
soc-sign-epinions.txt.gz   run=0 cores=F,F,S,S   r=0.43 block      compute=  83.599s idle= 12.4% idle_w= 11.6% busy=83.5/66.4/66.3/76.9 steal=2.78s cliques=22,226,173
soc-sign-epinions.txt.gz   run=0 cores=F,F,S,S   r=0.43 interleave compute=  75.146s idle=  1.0% idle_w=  1.0% busy=74.4/74.4/74.4/74.4 steal=3.24s cliques=22,226,173
soc-sign-epinions.txt.gz   run=0 cores=F,F,S,S   r=0.26 block      compute= 184.006s idle= 40.4% idle_w= 55.0% busy=67.7/60.4/183.8/126.7 steal=4.84s cliques=22,226,173
soc-sign-epinions.txt.gz   run=0 cores=F,F,S,S   r=0.26 interleave compute=  81.988s idle=  0.8% idle_w=  0.8% busy=81.4/81.4/81.5/81.0 steal=3.18s cliques=22,226,173
soc-sign-epinions.txt.gz   run=0 cores=F,F,S,S   r=0.75 block      compute=  82.919s idle= 23.1% idle_w= 25.2% busy=51.7/51.7/68.9/82.9 steal=2.34s cliques=22,226,173
soc-sign-epinions.txt.gz   run=0 cores=F,F,S,S   r=0.75 interleave compute=  63.976s idle=  1.1% idle_w=  1.1% busy=63.4/63.2/63.3/63.2 steal=2.60s cliques=22,226,173
soc-sign-epinions.txt.gz   run=0 cores=F,S,S,S   r=0.43 block      compute= 141.022s idle= 27.7% idle_w= 33.0% busy=72.0/140.9/81.1/113.9 steal=3.97s cliques=22,226,173
soc-sign-epinions.txt.gz   run=0 cores=F,S,S,S   r=0.43 interleave compute=  95.242s idle=  0.9% idle_w=  0.9% busy=94.3/94.5/94.4/94.4 steal=4.29s cliques=22,226,173
soc-sign-epinions.txt.gz   run=0 cores=F,S,S,S   r=0.26 block      compute= 186.307s idle= 26.7% idle_w= 35.9% busy=95.1/100.0/165.2/186.1 steal=3.36s cliques=22,226,173
soc-sign-epinions.txt.gz   run=0 cores=F,S,S,S   r=0.26 interleave compute= 120.174s idle=  0.6% idle_w=  0.6% busy=119.4/119.5/119.5/119.5 steal=5.21s cliques=22,226,173
soc-sign-epinions.txt.gz   run=0 cores=F,S,S,S   r=0.75 block      compute=  75.491s idle=  9.8% idle_w=  9.1% busy=75.4/68.1/74.3/54.5 steal=3.88s cliques=22,226,173
soc-sign-epinions.txt.gz   run=0 cores=F,S,S,S   r=0.75 interleave compute=  70.668s idle=  1.0% idle_w=  1.0% busy=70.0/69.9/70.0/70.0 steal=4.50s cliques=22,226,173
soc-sign-epinions.txt.gz   run=0 cores=S,S,S,S   r=0.43 block      compute= 171.166s idle= 21.9% idle_w= 21.9% busy=171.0/122.2/109.7/131.5 steal=6.28s cliques=22,226,173
soc-sign-epinions.txt.gz   run=0 cores=S,S,S,S   r=0.43 interleave compute= 135.758s idle=  0.5% idle_w=  0.5% busy=135.1/135.1/135.0/135.0 steal=6.62s cliques=22,226,173
=== done 02:17:23
