dataset: data/ca-AstroPh.txt.gz
vertices: 18,772
total cliques (sum over vertices): 36,428
summed subproblem time: 1.630 s (wall 1.952 s)
time concentration (n=18,772, total=1.630):
  heaviest vertex :   0.19%
  top   0.1% (     18 vertices):   2.73%
  top   1.0% (    187 vertices):  17.00%
  top  10.0% (  1,877 vertices):  64.39%
cliques concentration (n=18,772, total=36,428.000):
  heaviest vertex :   0.25%
  top   0.1% (     18 vertices):   3.00%
  top   1.0% (    187 vertices):  16.40%
  top  10.0% (  1,877 vertices):  54.64%
per-vertex time histogram (log bins):
           < 1 µs:        2 #
    1e-6 - 1e-5 s:    7,276 ##############################################
    1e-5 - 1e-4 s:    7,904 ##################################################
    1e-4 - 1e-3 s:    3,377 #####################
    1e-3 - 1e-2 s:      213 #
csv: artifacts/linux/workload-ca-AstroPh.csv
